../Core/Inc/micros.h:13:22:DWT_Init	4	static
../Core/Inc/micros.h:26:26:micros	4	static
../Core/Src/main.c:93:1:__io_putchar	16	static
../Core/Src/main.c:115:6:HAL_UART_RxCpltCallback	16	static
../Core/Src/main.c:183:5:main	112	static
../Core/Src/main.c:353:6:SystemClock_Config	72	static
../Core/Src/main.c:393:13:MX_I2C1_Init	8	static
../Core/Src/main.c:427:13:MX_TIM3_Init	64	static
../Core/Src/main.c:498:13:MX_USART1_UART_Init	8	static
../Core/Src/main.c:531:13:MX_USART2_UART_Init	8	static
../Core/Src/main.c:564:13:MX_USART3_UART_Init	8	static
../Core/Src/main.c:597:13:MX_GPIO_Init	40	static
../Core/Src/main.c:630:6:StartDefaultTask	80	static
../Core/Src/main.c:679:6:StartTask02	32	static
../Core/Src/main.c:711:6:StartTask03	32	static
../Core/Src/main.c:883:6:HAL_TIM_PeriodElapsedCallback	16	static
../Core/Src/main.c:900:6:Error_Handler	4	static,ignoring_inline_asm
