../Core/Src/TJ_MPU6050.c:65:6:Calibration	48	static
../Core/Src/TJ_MPU6050.c:99:6:MPU6050_Init	16	static
../Core/Src/TJ_MPU6050.c:106:6:I2C_Read	32	static
../Core/Src/TJ_MPU6050.c:118:6:I2C_Write8	32	static
../Core/Src/TJ_MPU6050.c:128:6:MPU6050_Config	24	static
../Core/Src/TJ_MPU6050.c:249:9:MPU6050_Get_SMPRT_DIV	16	static
../Core/Src/TJ_MPU6050.c:258:6:MPU6050_Set_SMPRT_DIV	16	static
../Core/Src/TJ_MPU6050.c:286:6:MPU6050_Get_Accel_RawData	40	static
../Core/Src/TJ_MPU6050.c:309:6:MPU6050_Get_Accel_Scale	24	static
../Core/Src/TJ_MPU6050.c:323:6:MPU6050_Get_Accel_Cali	32	static
../Core/Src/TJ_MPU6050.c:334:6:MPU6050_Get_Gyro_RawData	16	static
../Core/Src/TJ_MPU6050.c:344:6:MPU6050_Get_Mag_RawData	24	static
../Core/Src/TJ_MPU6050.c:359:6:MPU6050_Get_Gyro_Scale	24	static
../Core/Src/TJ_MPU6050.c:371:6:_Accel_Cali	24	static
../Core/Src/TJ_MPU6050.c:430:6:updateQuaternion	32	static
../Core/Src/TJ_MPU6050.c:456:6:MahonyAHRSupdateIMU	56	static
../Core/Src/TJ_MPU6050.c:522:6:mpu6050_getRollPitchYaw	48	static
../Core/Src/TJ_MPU6050.c:529:6:MPU6050_Get_Accel_RawData_to_CaliBration	40	static
../Core/Src/TJ_MPU6050.c:550:6:MPU6050_Get_Gyro_RawData_to_CaliBration	16	static
../Core/Src/TJ_MPU6050.c:560:6:PID	32	static
../Core/Src/TJ_MPU6050.c:659:6:MahonyAHRSupdate	160	static
